// Jest Snapshot v1, https://goo.gl/fbAQLP

exports[`callout renders 1`] = `
<DocumentFragment>
  .emotion-0 {
  box-sizing: border-box;
  margin: 0;
  min-width: 0;
}

.emotion-1 {
  box-sizing: border-box;
  margin: 0;
  min-width: 0;
  display: -webkit-box;
  display: -webkit-flex;
  display: -ms-flexbox;
  display: flex;
}

.emotion-3 {
  box-sizing: border-box;
  margin: 0;
  min-width: 0;
  margin-right: 128px;
  margin-bottom: 16px;
  font-size: 24px;
  line-height: regular;
}

.emotion-4 {
  box-sizing: border-box;
  margin: 0;
  min-width: 0;
  font-size: 20px;
  line-height: spaced;
  margin-bottom: 4px;
  overflow-wrap: break-word;
}

.emotion-4 p {
  font-size: 20px;
  line-height: spaced;
  margin-bottom: 4px;
  overflow-wrap: break-word;
}

.emotion-4 ul {
  margin-bottom: 64px;
  margin-left: 256px;
  list-style-position: outside;
  list-style-type: disc;
}

@media screen and (min-width: 40em) {
  .emotion-4 ul {
    margin-bottom: 64px;
  }
}

@media screen and (min-width: 52em) {
  .emotion-4 ul {
    margin-bottom: 128px;
  }
}

.emotion-4 li {
  margin-bottom: 16px;
  line-height: regular;
}

@media screen and (min-width: 40em) {
  .emotion-4 li {
    margin-bottom: 16px;
  }
}

@media screen and (min-width: 52em) {
  .emotion-4 li {
    margin-bottom: 16px;
  }
}

.emotion-4 a {
  color: primary;
  -webkit-text-decoration: underline;
  text-decoration: underline;
}

.emotion-4 a:hover {
  color: accent;
}

.emotion-4 a:visited {
  color: primary;
}

.emotion-4 a:active {
  color: accent;
}

<div
    class="emotion-0"
  >
    <div
      class="emotion-1"
    >
      <div
        class="emotion-0"
      >
        <span
          class="emotion-3"
        >
          Adding contexts to LaunchDarkly
        </span>
        <span
          class="emotion-4"
        >
          You do not have to send contexts to LaunchDarkly in advance. 
          <a
            href="example.com"
          >
            Check out this page
          </a>
          . You can target them with feature flags have LaunchDarkly accounts of their own. Contexts appear in the dashboard automatically after they encounter feature flags.
        </span>
      </div>
      <div>
        Icon: checkbox-marked-circle
      </div>
    </div>
  </div>
</DocumentFragment>
`;
